ERROR    Gadget_17648d83:Gadget_17648d83.py:11 Invalid input type: Expected bool.
ERROR    Gadget_17648d83:Gadget_17648d83.py:11 Invalid input type: Expected bool.
ERROR    Gadget_17648d83:Gadget_17648d83.py:11 Invalid input type: Expected bool.
ERROR    Gadget_17648d83:Gadget_17648d83.py:11 Invalid input type: Expected bool.
ERROR    Gadget_17648d83:Gadget_17648d83.py:11 Invalid input type: Expected bool.
ERROR    Gadget_1bf0421f:Gadget_1bf0421f.py:13 Invalid input type: Expected float.
ERROR    Gadget_1bf0421f:Gadget_1bf0421f.py:13 Invalid input type: Expected float.
ERROR    Gadget_1bf0421f:Gadget_1bf0421f.py:13 Invalid input type: Expected float.
ERROR    Gadget_1bf0421f:Gadget_1bf0421f.py:13 Invalid input type: Expected float.
ERROR    Gadget_1bf0421f:Gadget_1bf0421f.py:13 Invalid input type: Expected float.
ERROR    Gadget_1f904125:Gadget_1f904125.py:9 Invalid input type: Expected bool.
ERROR    Gadget_1f904125:Gadget_1f904125.py:9 Invalid input type: Expected bool.
ERROR    Gadget_1f904125:Gadget_1f904125.py:9 Invalid input type: Expected bool.
ERROR    Gadget_1f904125:Gadget_1f904125.py:9 Invalid input type: Expected bool.
ERROR    Gadget_1f904125:Gadget_1f904125.py:9 Invalid input type: Expected bool.
ERROR    Gadget_20eaf5a1:Gadget_20eaf5a1.py:13 Invalid input type: Expected int.
ERROR    Gadget_20eaf5a1:Gadget_20eaf5a1.py:13 Invalid input type: Expected int.
ERROR    Gadget_20eaf5a1:Gadget_20eaf5a1.py:13 Invalid input type: Expected int.
ERROR    Gadget_20eaf5a1:Gadget_20eaf5a1.py:13 Invalid input type: Expected int.
ERROR    Gadget_23be1bb0:Gadget_23be1bb0.py:9 Invalid input type: Expected str.
ERROR    Gadget_23be1bb0:Gadget_23be1bb0.py:9 Invalid input type: Expected str.
ERROR    Gadget_23be1bb0:Gadget_23be1bb0.py:9 Invalid input type: Expected str.
ERROR    Gadget_23be1bb0:Gadget_23be1bb0.py:9 Invalid input type: Expected str.
ERROR    Gadget_23be1bb0:Gadget_23be1bb0.py:9 Invalid input type: Expected str.
ERROR    Gadget_23f07069:Gadget_23f07069.py:13 Invalid input type: Expected dict.
ERROR    Gadget_23f07069:Gadget_23f07069.py:13 Invalid input type: Expected dict.
ERROR    Gadget_23f07069:Gadget_23f07069.py:13 Invalid input type: Expected dict.
ERROR    Gadget_23f07069:Gadget_23f07069.py:13 Invalid input type: Expected dict.
ERROR    Gadget_23f07069:Gadget_23f07069.py:13 Invalid input type: Expected dict.
WARNING  Gadget_23f07069:Gadget_23f07069.py:45 Caught exception during computation: unsupported operand type(s) for /: 'str' and 'int'
ERROR    Gadget_2507b114:Gadget_2507b114.py:11 Invalid input type: Expected float.
ERROR    Gadget_2507b114:Gadget_2507b114.py:11 Invalid input type: Expected float.
ERROR    Gadget_2507b114:Gadget_2507b114.py:11 Invalid input type: Expected float.
ERROR    Gadget_2507b114:Gadget_2507b114.py:11 Invalid input type: Expected float.
ERROR    Gadget_2507b114:Gadget_2507b114.py:11 Invalid input type: Expected float.
ERROR    Gadget_2d7088ba:Gadget_2d7088ba.py:9 Invalid input type: Expected bool.
ERROR    Gadget_2d7088ba:Gadget_2d7088ba.py:9 Invalid input type: Expected bool.
ERROR    Gadget_2d7088ba:Gadget_2d7088ba.py:9 Invalid input type: Expected bool.
ERROR    Gadget_2d7088ba:Gadget_2d7088ba.py:9 Invalid input type: Expected bool.
ERROR    Gadget_2d7088ba:Gadget_2d7088ba.py:9 Invalid input type: Expected bool.
ERROR    Gadget_36aac2b6:Gadget_36aac2b6.py:14 Invalid input type: Expected bool.
ERROR    Gadget_36aac2b6:Gadget_36aac2b6.py:14 Invalid input type: Expected bool.
ERROR    Gadget_36aac2b6:Gadget_36aac2b6.py:14 Invalid input type: Expected bool.
ERROR    Gadget_36aac2b6:Gadget_36aac2b6.py:14 Invalid input type: Expected bool.
ERROR    Gadget_36aac2b6:Gadget_36aac2b6.py:14 Invalid input type: Expected bool.
ERROR    Gadget_3747f5a7:Gadget_3747f5a7.py:11 Invalid input type: Expected bool.
ERROR    Gadget_3747f5a7:Gadget_3747f5a7.py:11 Invalid input type: Expected bool.
ERROR    Gadget_3747f5a7:Gadget_3747f5a7.py:11 Invalid input type: Expected bool.
ERROR    Gadget_3747f5a7:Gadget_3747f5a7.py:11 Invalid input type: Expected bool.
ERROR    Gadget_3747f5a7:Gadget_3747f5a7.py:11 Invalid input type: Expected bool.
ERROR    Gadget_38957fe7:Gadget_38957fe7.py:15 Invalid input type: Expected float.
ERROR    Gadget_38957fe7:Gadget_38957fe7.py:15 Invalid input type: Expected float.
ERROR    Gadget_38957fe7:Gadget_38957fe7.py:15 Invalid input type: Expected float.
ERROR    Gadget_38957fe7:Gadget_38957fe7.py:15 Invalid input type: Expected float.
ERROR    Gadget_38957fe7:Gadget_38957fe7.py:15 Invalid input type: Expected float.
ERROR    Gadget_3e25591f:Gadget_3e25591f.py:12 Invalid input type: Expected dict.
ERROR    Gadget_3e25591f:Gadget_3e25591f.py:12 Invalid input type: Expected dict.
ERROR    Gadget_3e25591f:Gadget_3e25591f.py:12 Invalid input type: Expected dict.
ERROR    Gadget_3e25591f:Gadget_3e25591f.py:12 Invalid input type: Expected dict.
ERROR    Gadget_3e25591f:Gadget_3e25591f.py:12 Invalid input type: Expected dict.
WARNING  Gadget_3e25591f:Gadget_3e25591f.py:19 Invalid value type for key key: Expected int or float.
ERROR    Gadget_3e443840:Gadget_3e443840.py:10 Invalid input type: Expected float.
ERROR    Gadget_3e443840:Gadget_3e443840.py:10 Invalid input type: Expected float.
ERROR    Gadget_3e443840:Gadget_3e443840.py:10 Invalid input type: Expected float.
ERROR    Gadget_3e443840:Gadget_3e443840.py:10 Invalid input type: Expected float.
ERROR    Gadget_3e443840:Gadget_3e443840.py:10 Invalid input type: Expected float.
ERROR    Gadget_47650b60:Gadget_47650b60.py:11 Invalid input type: Expected dict.
ERROR    Gadget_47650b60:Gadget_47650b60.py:11 Invalid input type: Expected dict.
ERROR    Gadget_47650b60:Gadget_47650b60.py:11 Invalid input type: Expected dict.
ERROR    Gadget_47650b60:Gadget_47650b60.py:11 Invalid input type: Expected dict.
ERROR    Gadget_47650b60:Gadget_47650b60.py:11 Invalid input type: Expected dict.
ERROR    Gadget_4838ef61:Gadget_4838ef61.py:11 Invalid input type: Expected int.
ERROR    Gadget_4838ef61:Gadget_4838ef61.py:11 Invalid input type: Expected int.
ERROR    Gadget_4838ef61:Gadget_4838ef61.py:11 Invalid input type: Expected int.
ERROR    Gadget_4838ef61:Gadget_4838ef61.py:11 Invalid input type: Expected int.
ERROR    Gadget_54ce615f:Gadget_54ce615f.py:12 Invalid input type: Expected int.
ERROR    Gadget_54ce615f:Gadget_54ce615f.py:12 Invalid input type: Expected int.
ERROR    Gadget_54ce615f:Gadget_54ce615f.py:12 Invalid input type: Expected int.
ERROR    Gadget_54ce615f:Gadget_54ce615f.py:12 Invalid input type: Expected int.
ERROR    Gadget_552994ac:Gadget_552994ac.py:15 Invalid input type: Expected Image.Image.
ERROR    Gadget_552994ac:Gadget_552994ac.py:15 Invalid input type: Expected Image.Image.
ERROR    Gadget_552994ac:Gadget_552994ac.py:15 Invalid input type: Expected Image.Image.
ERROR    Gadget_552994ac:Gadget_552994ac.py:15 Invalid input type: Expected Image.Image.
ERROR    Gadget_552994ac:Gadget_552994ac.py:15 Invalid input type: Expected Image.Image.
ERROR    Gadget_56bba7de:Gadget_56bba7de.py:11 Invalid input type: Expected float.
ERROR    Gadget_56bba7de:Gadget_56bba7de.py:11 Invalid input type: Expected float.
ERROR    Gadget_56bba7de:Gadget_56bba7de.py:11 Invalid input type: Expected float.
ERROR    Gadget_56bba7de:Gadget_56bba7de.py:11 Invalid input type: Expected float.
ERROR    Gadget_56bba7de:Gadget_56bba7de.py:11 Invalid input type: Expected float.
ERROR    Gadget_5f5b2594:Gadget_5f5b2594.py:15 Invalid input type: Expected float.
ERROR    Gadget_5f5b2594:Gadget_5f5b2594.py:15 Invalid input type: Expected float.
ERROR    Gadget_5f5b2594:Gadget_5f5b2594.py:15 Invalid input type: Expected float.
ERROR    Gadget_5f5b2594:Gadget_5f5b2594.py:15 Invalid input type: Expected float.
ERROR    Gadget_5f5b2594:Gadget_5f5b2594.py:15 Invalid input type: Expected float.
ERROR    Gadget_60230d31:Gadget_60230d31.py:11 Invalid input type: Expected str.
ERROR    Gadget_60230d31:Gadget_60230d31.py:11 Invalid input type: Expected str.
ERROR    Gadget_60230d31:Gadget_60230d31.py:11 Invalid input type: Expected str.
ERROR    Gadget_60230d31:Gadget_60230d31.py:11 Invalid input type: Expected str.
ERROR    Gadget_60230d31:Gadget_60230d31.py:11 Invalid input type: Expected str.
ERROR    Gadget_63ec2dbf:Gadget_63ec2dbf.py:11 Invalid input type: Expected Image.Image.
ERROR    Gadget_63ec2dbf:Gadget_63ec2dbf.py:11 Invalid input type: Expected Image.Image.
ERROR    Gadget_63ec2dbf:Gadget_63ec2dbf.py:11 Invalid input type: Expected Image.Image.
ERROR    Gadget_63ec2dbf:Gadget_63ec2dbf.py:11 Invalid input type: Expected Image.Image.
ERROR    Gadget_63ec2dbf:Gadget_63ec2dbf.py:11 Invalid input type: Expected Image.Image.
ERROR    Gadget_65d72d12:Gadget_65d72d12.py:14 Invalid input type: Expected float.
ERROR    Gadget_65d72d12:Gadget_65d72d12.py:14 Invalid input type: Expected float.
ERROR    Gadget_65d72d12:Gadget_65d72d12.py:14 Invalid input type: Expected float.
ERROR    Gadget_65d72d12:Gadget_65d72d12.py:14 Invalid input type: Expected float.
ERROR    Gadget_65d72d12:Gadget_65d72d12.py:14 Invalid input type: Expected float.
ERROR    Gadget_6d411958:Gadget_6d411958.py:15 Invalid input type: Expected int.
ERROR    Gadget_6d411958:Gadget_6d411958.py:15 Invalid input type: Expected int.
ERROR    Gadget_6d411958:Gadget_6d411958.py:15 Invalid input type: Expected int.
ERROR    Gadget_6d411958:Gadget_6d411958.py:15 Invalid input type: Expected int.
ERROR    Gadget_761009db:Gadget_761009db.py:13 Invalid input type: Expected bool.
ERROR    Gadget_761009db:Gadget_761009db.py:13 Invalid input type: Expected bool.
ERROR    Gadget_761009db:Gadget_761009db.py:13 Invalid input type: Expected bool.
ERROR    Gadget_761009db:Gadget_761009db.py:13 Invalid input type: Expected bool.
ERROR    Gadget_761009db:Gadget_761009db.py:13 Invalid input type: Expected bool.
ERROR    Gadget_7702766f:Gadget_7702766f.py:9 Invalid input type: Expected float.
ERROR    Gadget_7702766f:Gadget_7702766f.py:9 Invalid input type: Expected float.
ERROR    Gadget_7702766f:Gadget_7702766f.py:9 Invalid input type: Expected float.
ERROR    Gadget_7702766f:Gadget_7702766f.py:9 Invalid input type: Expected float.
ERROR    Gadget_7702766f:Gadget_7702766f.py:9 Invalid input type: Expected float.
ERROR    Gadget_826303bb:Gadget_826303bb.py:13 Invalid input type: Expected str.
ERROR    Gadget_826303bb:Gadget_826303bb.py:13 Invalid input type: Expected str.
ERROR    Gadget_826303bb:Gadget_826303bb.py:13 Invalid input type: Expected str.
ERROR    Gadget_826303bb:Gadget_826303bb.py:13 Invalid input type: Expected str.
ERROR    Gadget_826303bb:Gadget_826303bb.py:13 Invalid input type: Expected str.
ERROR    Gadget_83b197e2:Gadget_83b197e2.py:14 Invalid input type: Expected Image.Image.
ERROR    Gadget_83b197e2:Gadget_83b197e2.py:14 Invalid input type: Expected Image.Image.
ERROR    Gadget_83b197e2:Gadget_83b197e2.py:14 Invalid input type: Expected Image.Image.
ERROR    Gadget_83b197e2:Gadget_83b197e2.py:14 Invalid input type: Expected Image.Image.
ERROR    Gadget_83b197e2:Gadget_83b197e2.py:14 Invalid input type: Expected Image.Image.
ERROR    Gadget_86d1bb88:Gadget_86d1bb88.py:43 Invalid input type: Expected int.
ERROR    Gadget_86d1bb88:Gadget_86d1bb88.py:43 Invalid input type: Expected int.
WARNING  Gadget_86d1bb88:Gadget_86d1bb88.py:59 Max steps exceeded: 10000. Terminating early.
ERROR    Gadget_86d1bb88:Gadget_86d1bb88.py:43 Invalid input type: Expected int.
ERROR    Gadget_86d1bb88:Gadget_86d1bb88.py:43 Invalid input type: Expected int.
ERROR    Gadget_8718ba78:Gadget_8718ba78.py:11 Invalid input type: Expected int.
ERROR    Gadget_8718ba78:Gadget_8718ba78.py:11 Invalid input type: Expected int.
ERROR    Gadget_8718ba78:Gadget_8718ba78.py:11 Invalid input type: Expected int.
ERROR    Gadget_8718ba78:Gadget_8718ba78.py:11 Invalid input type: Expected int.
ERROR    Gadget_88d51d2e:Gadget_88d51d2e.py:11 Invalid input type: Expected str.
ERROR    Gadget_88d51d2e:Gadget_88d51d2e.py:11 Invalid input type: Expected str.
ERROR    Gadget_88d51d2e:Gadget_88d51d2e.py:11 Invalid input type: Expected str.
ERROR    Gadget_88d51d2e:Gadget_88d51d2e.py:11 Invalid input type: Expected str.
ERROR    Gadget_88d51d2e:Gadget_88d51d2e.py:11 Invalid input type: Expected str.
ERROR    Gadget_8975840e:Gadget_8975840e.py:12 Invalid input type: Expected Image.Image.
ERROR    Gadget_8975840e:Gadget_8975840e.py:12 Invalid input type: Expected Image.Image.
ERROR    Gadget_8975840e:Gadget_8975840e.py:12 Invalid input type: Expected Image.Image.
ERROR    Gadget_8975840e:Gadget_8975840e.py:12 Invalid input type: Expected Image.Image.
ERROR    Gadget_8975840e:Gadget_8975840e.py:12 Invalid input type: Expected Image.Image.
ERROR    Gadget_92dd9fa4:Gadget_92dd9fa4.py:12 Invalid input type: Expected str.
ERROR    Gadget_92dd9fa4:Gadget_92dd9fa4.py:12 Invalid input type: Expected str.
ERROR    Gadget_92dd9fa4:Gadget_92dd9fa4.py:12 Invalid input type: Expected str.
ERROR    Gadget_92dd9fa4:Gadget_92dd9fa4.py:12 Invalid input type: Expected str.
ERROR    Gadget_92dd9fa4:Gadget_92dd9fa4.py:12 Invalid input type: Expected str.
ERROR    Gadget_96bf3c0a:Gadget_96bf3c0a.py:11 Invalid input type: Expected float.
ERROR    Gadget_96bf3c0a:Gadget_96bf3c0a.py:11 Invalid input type: Expected float.
ERROR    Gadget_96bf3c0a:Gadget_96bf3c0a.py:11 Invalid input type: Expected float.
ERROR    Gadget_96bf3c0a:Gadget_96bf3c0a.py:11 Invalid input type: Expected float.
ERROR    Gadget_96bf3c0a:Gadget_96bf3c0a.py:11 Invalid input type: Expected float.
ERROR    Gadget_9868a255:Gadget_9868a255.py:14 Invalid input type: Expected float.
ERROR    Gadget_9868a255:Gadget_9868a255.py:14 Invalid input type: Expected float.
ERROR    Gadget_9868a255:Gadget_9868a255.py:14 Invalid input type: Expected float.
ERROR    Gadget_9868a255:Gadget_9868a255.py:14 Invalid input type: Expected float.
ERROR    Gadget_9868a255:Gadget_9868a255.py:14 Invalid input type: Expected float.
ERROR    Gadget_99bd653a:Gadget_99bd653a.py:15 Invalid input type: Expected int.
ERROR    Gadget_99bd653a:Gadget_99bd653a.py:15 Invalid input type: Expected int.
ERROR    Gadget_99bd653a:Gadget_99bd653a.py:15 Invalid input type: Expected int.
ERROR    Gadget_99bd653a:Gadget_99bd653a.py:15 Invalid input type: Expected int.
ERROR    Gadget_9d5e46b6:Gadget_9d5e46b6.py:14 Invalid input type: Expected str.
ERROR    Gadget_9d5e46b6:Gadget_9d5e46b6.py:14 Invalid input type: Expected str.
ERROR    Gadget_9d5e46b6:Gadget_9d5e46b6.py:14 Invalid input type: Expected str.
ERROR    Gadget_9d5e46b6:Gadget_9d5e46b6.py:14 Invalid input type: Expected str.
ERROR    Gadget_9d5e46b6:Gadget_9d5e46b6.py:14 Invalid input type: Expected str.
ERROR    Gadget_9d67e083:Gadget_9d67e083.py:14 Invalid input type: Expected bool.
ERROR    Gadget_9d67e083:Gadget_9d67e083.py:14 Invalid input type: Expected bool.
ERROR    Gadget_9d67e083:Gadget_9d67e083.py:14 Invalid input type: Expected bool.
ERROR    Gadget_9d67e083:Gadget_9d67e083.py:14 Invalid input type: Expected bool.
ERROR    Gadget_9d67e083:Gadget_9d67e083.py:14 Invalid input type: Expected bool.
ERROR    Gadget_9e90356d:Gadget_9e90356d.py:9 Invalid input type: Expected dict.
ERROR    Gadget_9e90356d:Gadget_9e90356d.py:9 Invalid input type: Expected dict.
ERROR    Gadget_9e90356d:Gadget_9e90356d.py:9 Invalid input type: Expected dict.
ERROR    Gadget_9e90356d:Gadget_9e90356d.py:9 Invalid input type: Expected dict.
ERROR    Gadget_9e90356d:Gadget_9e90356d.py:9 Invalid input type: Expected dict.
ERROR    Gadget_9f681812:Gadget_9f681812.py:10 Invalid input type: Expected Image.Image.
ERROR    Gadget_9f681812:Gadget_9f681812.py:10 Invalid input type: Expected Image.Image.
ERROR    Gadget_9f681812:Gadget_9f681812.py:10 Invalid input type: Expected Image.Image.
ERROR    Gadget_9f681812:Gadget_9f681812.py:10 Invalid input type: Expected Image.Image.
ERROR    Gadget_9f681812:Gadget_9f681812.py:10 Invalid input type: Expected Image.Image.
ERROR    GadgetComponent:Gadget_a05a8b3c.py:11 Invalid input type: Expected int.
ERROR    GadgetComponent:Gadget_a05a8b3c.py:11 Invalid input type: Expected int.
ERROR    GadgetComponent:Gadget_a05a8b3c.py:11 Invalid input type: Expected int.
ERROR    GadgetComponent:Gadget_a05a8b3c.py:11 Invalid input type: Expected int.
ERROR    Gadget_a0aa713c:Gadget_a0aa713c.py:11 Invalid input type: Expected Image.Image.
ERROR    Gadget_a0aa713c:Gadget_a0aa713c.py:11 Invalid input type: Expected Image.Image.
ERROR    Gadget_a0aa713c:Gadget_a0aa713c.py:11 Invalid input type: Expected Image.Image.
ERROR    Gadget_a0aa713c:Gadget_a0aa713c.py:11 Invalid input type: Expected Image.Image.
ERROR    Gadget_a0aa713c:Gadget_a0aa713c.py:11 Invalid input type: Expected Image.Image.
ERROR    Gadget_a4fd184f:Gadget_a4fd184f.py:11 Invalid input type: Expected dict.
ERROR    Gadget_a4fd184f:Gadget_a4fd184f.py:11 Invalid input type: Expected dict.
ERROR    Gadget_a4fd184f:Gadget_a4fd184f.py:11 Invalid input type: Expected dict.
ERROR    Gadget_a4fd184f:Gadget_a4fd184f.py:11 Invalid input type: Expected dict.
ERROR    Gadget_a4fd184f:Gadget_a4fd184f.py:11 Invalid input type: Expected dict.
ERROR    Gadget_a535d264:Gadget_a535d264.py:10 Invalid input type: Expected bool.
ERROR    Gadget_a535d264:Gadget_a535d264.py:10 Invalid input type: Expected bool.
ERROR    Gadget_a535d264:Gadget_a535d264.py:10 Invalid input type: Expected bool.
ERROR    Gadget_a535d264:Gadget_a535d264.py:10 Invalid input type: Expected bool.
ERROR    Gadget_a535d264:Gadget_a535d264.py:10 Invalid input type: Expected bool.
ERROR    Gadget_a9a87253:Gadget_a9a87253.py:13 Invalid input type: Expected bool.
ERROR    Gadget_a9a87253:Gadget_a9a87253.py:13 Invalid input type: Expected bool.
ERROR    Gadget_a9a87253:Gadget_a9a87253.py:13 Invalid input type: Expected bool.
ERROR    Gadget_a9a87253:Gadget_a9a87253.py:13 Invalid input type: Expected bool.
ERROR    Gadget_a9a87253:Gadget_a9a87253.py:13 Invalid input type: Expected bool.
ERROR    Gadget_ae20c6e8:Gadget_ae20c6e8.py:15 Invalid input type: Expected int.
ERROR    Gadget_ae20c6e8:Gadget_ae20c6e8.py:15 Invalid input type: Expected int.
ERROR    Gadget_ae20c6e8:Gadget_ae20c6e8.py:15 Invalid input type: Expected int.
ERROR    Gadget_ae20c6e8:Gadget_ae20c6e8.py:15 Invalid input type: Expected int.
ERROR    Gadget_b1211a22:Gadget_b1211a22.py:12 Invalid input type: Expected float.
ERROR    Gadget_b1211a22:Gadget_b1211a22.py:12 Invalid input type: Expected float.
ERROR    Gadget_b1211a22:Gadget_b1211a22.py:12 Invalid input type: Expected float.
ERROR    Gadget_b1211a22:Gadget_b1211a22.py:12 Invalid input type: Expected float.
ERROR    Gadget_b1211a22:Gadget_b1211a22.py:12 Invalid input type: Expected float.
ERROR    Gadget_b43cbcb3:Gadget_b43cbcb3.py:10 Invalid input type: Expected str.
ERROR    Gadget_b43cbcb3:Gadget_b43cbcb3.py:10 Invalid input type: Expected str.
ERROR    Gadget_b43cbcb3:Gadget_b43cbcb3.py:10 Invalid input type: Expected str.
ERROR    Gadget_b43cbcb3:Gadget_b43cbcb3.py:10 Invalid input type: Expected str.
ERROR    Gadget_b43cbcb3:Gadget_b43cbcb3.py:10 Invalid input type: Expected str.
ERROR    Gadget_bc91e434:Gadget_bc91e434.py:14 Invalid input type: Expected str.
ERROR    Gadget_bc91e434:Gadget_bc91e434.py:14 Invalid input type: Expected str.
ERROR    Gadget_bc91e434:Gadget_bc91e434.py:14 Invalid input type: Expected str.
ERROR    Gadget_bc91e434:Gadget_bc91e434.py:14 Invalid input type: Expected str.
ERROR    Gadget_bc91e434:Gadget_bc91e434.py:14 Invalid input type: Expected str.
ERROR    Gadget_bc9a64a4:Gadget_bc9a64a4.py:14 Invalid input type: Expected float.
ERROR    Gadget_bc9a64a4:Gadget_bc9a64a4.py:14 Invalid input type: Expected float.
ERROR    Gadget_bc9a64a4:Gadget_bc9a64a4.py:14 Invalid input type: Expected float.
ERROR    Gadget_bc9a64a4:Gadget_bc9a64a4.py:14 Invalid input type: Expected float.
ERROR    Gadget_bc9a64a4:Gadget_bc9a64a4.py:14 Invalid input type: Expected float.
ERROR    Gadget_befa53cb:Gadget_befa53cb.py:10 Invalid input type: Expected str.
ERROR    Gadget_befa53cb:Gadget_befa53cb.py:10 Invalid input type: Expected str.
ERROR    Gadget_befa53cb:Gadget_befa53cb.py:10 Invalid input type: Expected str.
ERROR    Gadget_befa53cb:Gadget_befa53cb.py:10 Invalid input type: Expected str.
ERROR    Gadget_befa53cb:Gadget_befa53cb.py:10 Invalid input type: Expected str.
ERROR    Gadget_ceee0cc4:Gadget_ceee0cc4.py:14 Invalid input type: Expected float.
ERROR    Gadget_ceee0cc4:Gadget_ceee0cc4.py:14 Invalid input type: Expected float.
ERROR    Gadget_ceee0cc4:Gadget_ceee0cc4.py:14 Invalid input type: Expected float.
ERROR    Gadget_ceee0cc4:Gadget_ceee0cc4.py:14 Invalid input type: Expected float.
ERROR    Gadget_ceee0cc4:Gadget_ceee0cc4.py:14 Invalid input type: Expected float.
ERROR    Gadget_d002767f:Gadget_d002767f.py:10 Invalid input type: Expected Image.Image.
ERROR    Gadget_d002767f:Gadget_d002767f.py:10 Invalid input type: Expected Image.Image.
ERROR    Gadget_d002767f:Gadget_d002767f.py:10 Invalid input type: Expected Image.Image.
ERROR    Gadget_d002767f:Gadget_d002767f.py:10 Invalid input type: Expected Image.Image.
ERROR    Gadget_d002767f:Gadget_d002767f.py:10 Invalid input type: Expected Image.Image.
ERROR    Gadget_d7b99bb0:Gadget_d7b99bb0.py:9 Invalid input type: Expected bool.
ERROR    Gadget_d7b99bb0:Gadget_d7b99bb0.py:9 Invalid input type: Expected bool.
ERROR    Gadget_d7b99bb0:Gadget_d7b99bb0.py:9 Invalid input type: Expected bool.
ERROR    Gadget_d7b99bb0:Gadget_d7b99bb0.py:9 Invalid input type: Expected bool.
ERROR    Gadget_d7b99bb0:Gadget_d7b99bb0.py:9 Invalid input type: Expected bool.
ERROR    Gadget_d87eb441:Gadget_d87eb441.py:11 Invalid input type: Expected Image.Image.
ERROR    Gadget_d87eb441:Gadget_d87eb441.py:11 Invalid input type: Expected Image.Image.
ERROR    Gadget_d87eb441:Gadget_d87eb441.py:11 Invalid input type: Expected Image.Image.
ERROR    Gadget_d87eb441:Gadget_d87eb441.py:11 Invalid input type: Expected Image.Image.
ERROR    Gadget_d87eb441:Gadget_d87eb441.py:11 Invalid input type: Expected Image.Image.
ERROR    Gadget_d8b917f8:Gadget_d8b917f8.py:11 Invalid input type: Expected str.
ERROR    Gadget_d8b917f8:Gadget_d8b917f8.py:11 Invalid input type: Expected str.
ERROR    Gadget_d8b917f8:Gadget_d8b917f8.py:11 Invalid input type: Expected str.
ERROR    Gadget_d8b917f8:Gadget_d8b917f8.py:11 Invalid input type: Expected str.
ERROR    Gadget_d8b917f8:Gadget_d8b917f8.py:11 Invalid input type: Expected str.
ERROR    Gadget_d9ecdfce:Gadget_d9ecdfce.py:11 Invalid input type: Expected str.
ERROR    Gadget_d9ecdfce:Gadget_d9ecdfce.py:11 Invalid input type: Expected str.
ERROR    Gadget_d9ecdfce:Gadget_d9ecdfce.py:11 Invalid input type: Expected str.
ERROR    Gadget_d9ecdfce:Gadget_d9ecdfce.py:11 Invalid input type: Expected str.
ERROR    Gadget_d9ecdfce:Gadget_d9ecdfce.py:11 Invalid input type: Expected str.
ERROR    Gadget_dc335b01:Gadget_dc335b01.py:10 Invalid input type: Expected float.
ERROR    Gadget_dc335b01:Gadget_dc335b01.py:10 Invalid input type: Expected float.
ERROR    Gadget_dc335b01:Gadget_dc335b01.py:10 Invalid input type: Expected float.
ERROR    Gadget_dc335b01:Gadget_dc335b01.py:10 Invalid input type: Expected float.
ERROR    Gadget_dc335b01:Gadget_dc335b01.py:10 Invalid input type: Expected float.
ERROR    Gadget_e9a55acf:Gadget_e9a55acf.py:16 Invalid input type: Expected float.
ERROR    Gadget_e9a55acf:Gadget_e9a55acf.py:16 Invalid input type: Expected float.
ERROR    Gadget_e9a55acf:Gadget_e9a55acf.py:16 Invalid input type: Expected float.
ERROR    Gadget_e9a55acf:Gadget_e9a55acf.py:16 Invalid input type: Expected float.
ERROR    Gadget_e9a55acf:Gadget_e9a55acf.py:16 Invalid input type: Expected float.
ERROR    Gadget_ebb6395d:Gadget_ebb6395d.py:11 Invalid input type: Expected dict.
ERROR    Gadget_ebb6395d:Gadget_ebb6395d.py:11 Invalid input type: Expected dict.
ERROR    Gadget_ebb6395d:Gadget_ebb6395d.py:11 Invalid input type: Expected dict.
ERROR    Gadget_ebb6395d:Gadget_ebb6395d.py:11 Invalid input type: Expected dict.
ERROR    Gadget_ebb6395d:Gadget_ebb6395d.py:11 Invalid input type: Expected dict.
ERROR    Gadget_f00ffc9f:Gadget_f00ffc9f.py:13 Invalid input type: Expected float.
ERROR    Gadget_f00ffc9f:Gadget_f00ffc9f.py:13 Invalid input type: Expected float.
ERROR    Gadget_f00ffc9f:Gadget_f00ffc9f.py:13 Invalid input type: Expected float.
ERROR    Gadget_f00ffc9f:Gadget_f00ffc9f.py:13 Invalid input type: Expected float.
ERROR    Gadget_f00ffc9f:Gadget_f00ffc9f.py:13 Invalid input type: Expected float.
ERROR    Gadget_f219d3b1:Gadget_f219d3b1.py:10 Invalid input type: Expected dict.
ERROR    Gadget_f219d3b1:Gadget_f219d3b1.py:10 Invalid input type: Expected dict.
ERROR    Gadget_f219d3b1:Gadget_f219d3b1.py:10 Invalid input type: Expected dict.
ERROR    Gadget_f219d3b1:Gadget_f219d3b1.py:10 Invalid input type: Expected dict.
ERROR    Gadget_f219d3b1:Gadget_f219d3b1.py:10 Invalid input type: Expected dict.
WARNING  Gadget_f219d3b1:Gadget_f219d3b1.py:44 Caught exception during computation: can only concatenate str (not "int") to str
ERROR    Gadget_f2b594af:Gadget_f2b594af.py:9 Invalid input type: Expected float.
ERROR    Gadget_f2b594af:Gadget_f2b594af.py:9 Invalid input type: Expected float.
ERROR    Gadget_f2b594af:Gadget_f2b594af.py:9 Invalid input type: Expected float.
ERROR    Gadget_f2b594af:Gadget_f2b594af.py:9 Invalid input type: Expected float.
ERROR    Gadget_f2b594af:Gadget_f2b594af.py:9 Invalid input type: Expected float.
ERROR    Gadget_f6134d4b:Gadget_f6134d4b.py:10 Invalid input type: Expected bool.
ERROR    Gadget_f6134d4b:Gadget_f6134d4b.py:10 Invalid input type: Expected bool.
ERROR    Gadget_f6134d4b:Gadget_f6134d4b.py:10 Invalid input type: Expected bool.
ERROR    Gadget_f6134d4b:Gadget_f6134d4b.py:10 Invalid input type: Expected bool.
ERROR    Gadget_f6134d4b:Gadget_f6134d4b.py:10 Invalid input type: Expected bool.
ERROR    Gadget_f62ed954:Gadget_f62ed954.py:11 Invalid input type: Expected float.
ERROR    Gadget_f62ed954:Gadget_f62ed954.py:11 Invalid input type: Expected float.
ERROR    Gadget_f62ed954:Gadget_f62ed954.py:11 Invalid input type: Expected float.
ERROR    Gadget_f62ed954:Gadget_f62ed954.py:11 Invalid input type: Expected float.
ERROR    Gadget_f62ed954:Gadget_f62ed954.py:11 Invalid input type: Expected float.
ERROR    Gadget_f86b15c2:Gadget_f86b15c2.py:11 Invalid input type: Expected int.
ERROR    Gadget_f86b15c2:Gadget_f86b15c2.py:11 Invalid input type: Expected int.
ERROR    Gadget_f86b15c2:Gadget_f86b15c2.py:11 Invalid input type: Expected int.
ERROR    Gadget_f86b15c2:Gadget_f86b15c2.py:11 Invalid input type: Expected int.
ERROR    Gadget_fccba0ed:Gadget_fccba0ed.py:11 Invalid input type: Expected bool.
ERROR    Gadget_fccba0ed:Gadget_fccba0ed.py:11 Invalid input type: Expected bool.
ERROR    Gadget_fccba0ed:Gadget_fccba0ed.py:11 Invalid input type: Expected bool.
ERROR    Gadget_fccba0ed:Gadget_fccba0ed.py:11 Invalid input type: Expected bool.
ERROR    Gadget_fccba0ed:Gadget_fccba0ed.py:11 Invalid input type: Expected bool.
ERROR    GadgetComponent:Gadget_IntToString.py:10 Invalid input type for D:\source\personal\gadget\gadgets\Gadget_IntToString.py: Numerical Symbolic Disassociation Engine: Expected int, got <class 'float'>
ERROR    GadgetComponent:Gadget_IntToString.py:10 Invalid input type for D:\source\personal\gadget\gadgets\Gadget_IntToString.py: Numerical Symbolic Disassociation Engine: Expected int, got <class 'str'>
ERROR    GadgetComponent:Gadget_IntToString.py:10 Invalid input type for D:\source\personal\gadget\gadgets\Gadget_IntToString.py: Numerical Symbolic Disassociation Engine: Expected int, got <class 'PIL.Image.Image'>
ERROR    GadgetComponent:Gadget_IntToString.py:10 Invalid input type for D:\source\personal\gadget\gadgets\Gadget_IntToString.py: Numerical Symbolic Disassociation Engine: Expected int, got <class 'dict'>
ERROR    GadgetComponent:Gadget_StringToBool.py:8 Invalid input type for D:\source\personal\gadget\gadgets\Gadget_StringToBool.py: Cognitive String Truth Evaluator: Expected str, got <class 'int'>
ERROR    GadgetComponent:Gadget_StringToBool.py:8 Invalid input type for D:\source\personal\gadget\gadgets\Gadget_StringToBool.py: Cognitive String Truth Evaluator: Expected str, got <class 'float'>
ERROR    GadgetComponent:Gadget_StringToBool.py:8 Invalid input type for D:\source\personal\gadget\gadgets\Gadget_StringToBool.py: Cognitive String Truth Evaluator: Expected str, got <class 'bool'>
ERROR    GadgetComponent:Gadget_StringToBool.py:8 Invalid input type for D:\source\personal\gadget\gadgets\Gadget_StringToBool.py: Cognitive String Truth Evaluator: Expected str, got <class 'PIL.Image.Image'>
ERROR    GadgetComponent:Gadget_StringToBool.py:8 Invalid input type for D:\source\personal\gadget\gadgets\Gadget_StringToBool.py: Cognitive String Truth Evaluator: Expected str, got <class 'dict'>
